[ok] APT/USD: 4398 bars
[ok] AAVE/USD: 4398 bars
[ok] ADA/USD: 4398 bars
[ok] AVAX/USD: 4398 bars
[ok] ARB/USD: 4398 bars
[ok] BNB/USD: 4398 bars
[ok] BTC/USD: 4398 bars
[ok] 1000CHEEMS/USD: 4066 bars
[ok] CAKE/USD: 4398 bars
[ok] CFX/USD: 4398 bars
[ok] CRV/USD: 4398 bars
[ok] DOGE/USD: 4398 bars
[ok] DOT/USD: 4398 bars
[ok] EIGEN/USD: 4397 bars
[ok] ENA/USD: 4398 bars
[ok] BIO/USD: 3831 bars
[ok] ETH/USD: 4398 bars
[ok] FET/USD: 4398 bars
[ok] FIL/USD: 4398 bars
[ok] HBAR/USD: 4398 bars
[ok] BMT/USD: 3393 bars
[ok] ICP/USD: 4398 bars
[ok] FORM/USD: 3382 bars
[ok] ASTER/USD: 2277 bars
[ok] AVNT/USD: 2337 bars
[ok] LINK/USD: 4398 bars
[ok] LISTA/USD: 4398 bars
[ok] LTC/USD: 4398 bars
[ok] ONDO/USD: 4398 bars
[ok] NEAR/USD: 4398 bars
[ok] EDEN/USD: 2212 bars
[ok] PENDLE/USD: 4398 bars
[ok] HEMI/USD: 2405 bars
[ok] PENGU/USD: 3932 bars
[ok] PAXG/USD: 3334 bars
[ok] LINEA/USD: 2386 bars
[ok] POL/USD: 4398 bars
[ok] MIRA/USD: 2235 bars
[ok] S/USD: 3754 bars
[ok] PLUME/USD: 3369 bars
[ok] SEI/USD: 4398 bars
[ok] SOL/USD: 4398 bars
[ok] OPEN/USD: 2343 bars
[skip] BONK/USD: vision 不可达或无 perp
[ok] PUMP/USD: 3236 bars
[ok] SUI/USD: 4398 bars
[ok] TAO/USD: 4398 bars
[ok] TRX/USD: 4398 bars
[ok] UNI/USD: 4398 bars
[skip] FLOKI/USD: vision 不可达或无 perp
[ok] TRUMP/USD: 3741 bars
[ok] WIF/USD: 4398 bars
[ok] VIRTUAL/USD: 3975 bars
[ok] WLD/USD: 4398 bars
[ok] XLM/USD: 4398 bars
[ok] STO/USD: 3237 bars
[ok] TUT/USD: 3376 bars
[ok] XRP/USD: 4398 bars
[ok] ZEC/USD: 4398 bars
[ok] ZEN/USD: 4398 bars
[ok] SOMI/USD: 2428 bars
[ok] WLFI/USD: 2440 bars
[ok] XPL/USD: 2446 bars
[skip] PEPE/USD: vision 不可达或无 perp
[skip] SHIB/USD: vision 不可达或无 perp
